// Jest Snapshot v1, https://goo.gl/fbAQLP

exports[`<Error> should render 1`] = `
<div
  className="wrapper"
>
  <div
    className="loader"
  />
</div>
`;
