// Jest Snapshot v1, https://goo.gl/fbAQLP

exports[`<CurrencySelect> should render 1`] = `
<div
  className="wrapper"
>
  <i
    className="icon_prev"
  />
  <div
    className="currency_name"
  >
    __CURRENCY_NAME__
  </div>
  <div
    className="children_wrapper"
  >
    <span>
      this is child
    </span>
  </div>
  <i
    className="icon_next"
  />
</div>
`;
