// Jest Snapshot v1, https://goo.gl/fbAQLP

exports[`<App> should render 1`] = `
<_default>
  <div
    className="wrapper"
  >
    <Connect(Input) />
    <Connect(Output) />
  </div>
</_default>
`;
